cannot find your lcoation could be - initialLocation